2026-09-26 04:12:05,158 INFO HTTP Request: GET https://docs.google.com/spreadsheets/d/1pvR_vpZjeEK9d3UxuFaFGX0GS_S8ObUu_dS6jWmlKeE/export?format=csv "HTTP/1.1 307 Temporary Redirect"
2026-09-26 04:12:05,568 INFO HTTP Request: GET https://doc-0k-10-sheets.googleusercontent.com/export/f3kk9gtum31ktuqh54kn7i1e14/oibrfeik02b5hooua4idjg2ric/1790376125000/101060485093004415359/*/1pvR_vpZjeEK9d3UxuFaFGX0GS_S8ObUu_dS6jWmlKeE?format=csv "HTTP/1.1 200 OK"
2026-09-26 04:12:09,875 INFO HTTP Request: GET https://docs.google.com/spreadsheets/d/1pvR_vpZjeEK9d3UxuFaFGX0GS_S8ObUu_dS6jWmlKeE/export?format=csv "HTTP/1.1 307 Temporary Redirect"
2026-09-26 04:12:10,300 INFO HTTP Request: GET https://doc-0k-10-sheets.googleusercontent.com/export/f3kk9gtum31ktuqh54kn7i1e14/oibrfeik02b5hooua4idjg2ric/1790376125000/101060485093004415359/*/1pvR_vpZjeEK9d3UxuFaFGX0GS_S8ObUu_dS6jWmlKeE?format=csv "HTTP/1.1 200 OK"
2026-09-26 04:12:10,312 INFO generating 5 chapter(s), 3 concurrent, artifacts=quiz,flashcards,mind_map,slide_deck,audio,cinematic_video,infographic
2026-09-26 04:12:10,979 INFO HTTP Request: GET https://notebook.google.com/?authuser=akashsp9893%40gmail.com "HTTP/1.1 200 OK"
2026-09-26 04:12:12,091 INFO [req=58a69b88] HTTP Request: POST https://notebook.google.com/_/LabsTailwindUi/data/batchexecute?rpcids=wXbhsf&source-path=%2F&f.sid=***&hl=en&rt=c&authuser=akashsp9893%40gmail.com "HTTP/1.1 200 OK"
2026-09-26 04:12:12,094 INFO [Class 11|Chemistry|Chapter 1] downloading PDF
2026-09-26 04:12:12,102 INFO [Class 11|Chemistry|Chapter 2] downloading PDF
2026-09-26 04:12:12,109 INFO [Class 11|Biology|Chapter 1] downloading PDF
2026-09-26 04:12:12,277 INFO HTTP Request: GET https://www.ncert.nic.in/textbook/pdf/kebo101.pdf "HTTP/1.1 200 OK"
2026-09-26 04:12:13,222 INFO HTTP Request: GET https://ncert.nic.in/textbook/pdf/kech102.pdf "HTTP/1.1 200 OK"
2026-09-26 04:12:13,240 INFO HTTP Request: GET https://ncert.nic.in/textbook/pdf/kech101.pdf "HTTP/1.1 200 OK"
2026-09-26 04:12:15,387 INFO [req=3daa103c] HTTP Request: POST https://notebook.google.com/_/LabsTailwindUi/data/batchexecute?rpcids=CCqFvf&source-path=%2F&f.sid=***&hl=en&rt=c&authuser=akashsp9893%40gmail.com "HTTP/1.1 200 OK"
2026-09-26 04:12:15,388 INFO [Class 11|Chemistry|Chapter 2] created notebook 9853e2ff-8587-4be7-9a6f-b1d0c318f3ae
2026-09-26 04:12:15,877 INFO [req=b35edcb4] HTTP Request: POST https://notebook.google.com/_/LabsTailwindUi/data/batchexecute?rpcids=CCqFvf&source-path=%2F&f.sid=***&hl=en&rt=c&authuser=akashsp9893%40gmail.com "HTTP/1.1 200 OK"
2026-09-26 04:12:15,879 INFO [Class 11|Chemistry|Chapter 1] created notebook d18d5260-74d9-4344-b1a7-c0ec15963912
2026-09-26 04:12:16,402 INFO [req=038333cd] HTTP Request: POST https://notebook.google.com/_/LabsTailwindUi/data/batchexecute?rpcids=rLM1Ne&source-path=%2Fnotebook%2F9853e2ff-8587-4be7-9a6f-b1d0c318f3ae&f.sid=***&hl=en&rt=c&authuser=akashsp9893%40gmail.com "HTTP/1.1 200 OK"
2026-09-26 04:12:16,403 INFO [Class 11|Chemistry|Chapter 2] uploading source
2026-09-26 04:12:16,979 INFO [req=ecbf35bc] HTTP Request: POST https://notebook.google.com/_/LabsTailwindUi/data/batchexecute?rpcids=rLM1Ne&source-path=%2Fnotebook%2Fd18d5260-74d9-4344-b1a7-c0ec15963912&f.sid=***&hl=en&rt=c&authuser=akashsp9893%40gmail.com "HTTP/1.1 200 OK"
2026-09-26 04:12:16,981 INFO [Class 11|Chemistry|Chapter 1] uploading source
2026-09-26 04:12:17,536 INFO [req=b71cd6e5] HTTP Request: POST https://notebook.google.com/_/LabsTailwindUi/data/batchexecute?rpcids=o4cbdc&source-path=%2Fnotebook%2F9853e2ff-8587-4be7-9a6f-b1d0c318f3ae&f.sid=***&hl=en&rt=c&authuser=akashsp9893%40gmail.com "HTTP/1.1 200 OK"
2026-09-26 04:12:18,088 INFO [req=7c40b489] HTTP Request: POST https://notebook.google.com/_/LabsTailwindUi/data/batchexecute?rpcids=o4cbdc&source-path=%2Fnotebook%2Fd18d5260-74d9-4344-b1a7-c0ec15963912&f.sid=***&hl=en&rt=c&authuser=akashsp9893%40gmail.com "HTTP/1.1 200 OK"
2026-09-26 04:12:18,901 INFO HTTP Request: POST https://notebook.google.com/upload/_/?authuser=akashsp9893%40gmail.com "HTTP/1.1 200 OK"
2026-09-26 04:12:19,597 INFO [req=9ff8f726] HTTP Request: POST https://notebook.google.com/_/LabsTailwindUi/data/batchexecute?rpcids=CCqFvf&source-path=%2F&f.sid=***&hl=en&rt=c&authuser=akashsp9893%40gmail.com "HTTP/1.1 200 OK"
2026-09-26 04:12:19,600 INFO [Class 11|Biology|Chapter 1] created notebook de5274e0-9b3d-41bc-b1a4-26fe6e650b03
2026-09-26 04:12:19,756 INFO HTTP Request: POST https://notebook.google.com/upload/_/?authuser=akashsp9893%40gmail.com "HTTP/1.1 200 OK"
2026-09-26 04:12:20,639 INFO [req=983cda8d] HTTP Request: POST https://notebook.google.com/_/LabsTailwindUi/data/batchexecute?rpcids=rLM1Ne&source-path=%2Fnotebook%2Fde5274e0-9b3d-41bc-b1a4-26fe6e650b03&f.sid=***&hl=en&rt=c&authuser=akashsp9893%40gmail.com "HTTP/1.1 200 OK"
2026-09-26 04:12:20,640 INFO [Class 11|Biology|Chapter 1] uploading source
2026-09-26 04:12:21,597 INFO HTTP Request: POST https://notebook.google.com/upload/_/?authuser=akashsp9893%40gmail.com&upload_id=***&upload_protocol=resumable "HTTP/1.1 200 OK"
2026-09-26 04:12:21,905 INFO [req=358e501d] HTTP Request: POST https://notebook.google.com/_/LabsTailwindUi/data/batchexecute?rpcids=o4cbdc&source-path=%2Fnotebook%2Fde5274e0-9b3d-41bc-b1a4-26fe6e650b03&f.sid=***&hl=en&rt=c&authuser=akashsp9893%40gmail.com "HTTP/1.1 200 OK"
2026-09-26 04:12:22,074 INFO HTTP Request: POST https://notebook.google.com/upload/_/?authuser=akashsp9893%40gmail.com&upload_id=***&upload_protocol=resumable "HTTP/1.1 200 OK"
2026-09-26 04:12:22,794 INFO [req=be11a8bf] HTTP Request: POST https://notebook.google.com/_/LabsTailwindUi/data/batchexecute?rpcids=rLM1Ne&source-path=%2Fnotebook%2F9853e2ff-8587-4be7-9a6f-b1d0c318f3ae&f.sid=***&hl=en&rt=c&authuser=akashsp9893%40gmail.com "HTTP/1.1 200 OK"
2026-09-26 04:12:23,135 INFO [req=42891499] HTTP Request: POST https://notebook.google.com/_/LabsTailwindUi/data/batchexecute?rpcids=rLM1Ne&source-path=%2Fnotebook%2Fd18d5260-74d9-4344-b1a7-c0ec15963912&f.sid=***&hl=en&rt=c&authuser=akashsp9893%40gmail.com "HTTP/1.1 200 OK"
2026-09-26 04:12:23,527 INFO HTTP Request: POST https://notebook.google.com/upload/_/?authuser=akashsp9893%40gmail.com "HTTP/1.1 200 OK"
2026-09-26 04:12:25,182 INFO [req=80e76f63] HTTP Request: POST https://notebook.google.com/_/LabsTailwindUi/data/batchexecute?rpcids=rLM1Ne&source-path=%2Fnotebook%2F9853e2ff-8587-4be7-9a6f-b1d0c318f3ae&f.sid=***&hl=en&rt=c&authuser=akashsp9893%40gmail.com "HTTP/1.1 200 OK"
2026-09-26 04:12:25,386 INFO [req=3b0503d2] HTTP Request: POST https://notebook.google.com/_/LabsTailwindUi/data/batchexecute?rpcids=rLM1Ne&source-path=%2Fnotebook%2Fd18d5260-74d9-4344-b1a7-c0ec15963912&f.sid=***&hl=en&rt=c&authuser=akashsp9893%40gmail.com "HTTP/1.1 200 OK"
2026-09-26 04:12:25,872 INFO HTTP Request: POST https://notebook.google.com/upload/_/?authuser=akashsp9893%40gmail.com&upload_id=***&upload_protocol=resumable "HTTP/1.1 200 OK"
2026-09-26 04:12:26,918 INFO [req=96d38b0f] HTTP Request: POST https://notebook.google.com/_/LabsTailwindUi/data/batchexecute?rpcids=rLM1Ne&source-path=%2Fnotebook%2Fde5274e0-9b3d-41bc-b1a4-26fe6e650b03&f.sid=***&hl=en&rt=c&authuser=akashsp9893%40gmail.com "HTTP/1.1 200 OK"
2026-09-26 04:12:27,760 INFO [req=7d3b6222] HTTP Request: POST https://notebook.google.com/_/LabsTailwindUi/data/batchexecute?rpcids=rLM1Ne&source-path=%2Fnotebook%2F9853e2ff-8587-4be7-9a6f-b1d0c318f3ae&f.sid=***&hl=en&rt=c&authuser=akashsp9893%40gmail.com "HTTP/1.1 200 OK"
2026-09-26 04:12:28,256 INFO [req=a27c9afa] HTTP Request: POST https://notebook.google.com/_/LabsTailwindUi/data/batchexecute?rpcids=rLM1Ne&source-path=%2Fnotebook%2Fd18d5260-74d9-4344-b1a7-c0ec15963912&f.sid=***&hl=en&rt=c&authuser=akashsp9893%40gmail.com "HTTP/1.1 200 OK"
2026-09-26 04:12:28,868 INFO [req=ba9a2b79] HTTP Request: POST https://notebook.google.com/_/LabsTailwindUi/data/batchexecute?rpcids=rLM1Ne&source-path=%2Fnotebook%2Fde5274e0-9b3d-41bc-b1a4-26fe6e650b03&f.sid=***&hl=en&rt=c&authuser=akashsp9893%40gmail.com "HTTP/1.1 200 OK"
2026-09-26 04:12:31,129 INFO [req=777cbcaf] HTTP Request: POST https://notebook.google.com/_/LabsTailwindUi/data/batchexecute?rpcids=rLM1Ne&source-path=%2Fnotebook%2F9853e2ff-8587-4be7-9a6f-b1d0c318f3ae&f.sid=***&hl=en&rt=c&authuser=akashsp9893%40gmail.com "HTTP/1.1 200 OK"
2026-09-26 04:12:31,299 INFO [req=d32d1217] HTTP Request: POST https://notebook.google.com/_/LabsTailwindUi/data/batchexecute?rpcids=rLM1Ne&source-path=%2Fnotebook%2Fde5274e0-9b3d-41bc-b1a4-26fe6e650b03&f.sid=***&hl=en&rt=c&authuser=akashsp9893%40gmail.com "HTTP/1.1 200 OK"
2026-09-26 04:12:31,442 INFO [req=5ad40b57] HTTP Request: POST https://notebook.google.com/_/LabsTailwindUi/data/batchexecute?rpcids=rLM1Ne&source-path=%2Fnotebook%2Fd18d5260-74d9-4344-b1a7-c0ec15963912&f.sid=***&hl=en&rt=c&authuser=akashsp9893%40gmail.com "HTTP/1.1 200 OK"
2026-09-26 04:12:34,439 INFO [req=5e126abb] HTTP Request: POST https://notebook.google.com/_/LabsTailwindUi/data/batchexecute?rpcids=rLM1Ne&source-path=%2Fnotebook%2Fde5274e0-9b3d-41bc-b1a4-26fe6e650b03&f.sid=***&hl=en&rt=c&authuser=akashsp9893%40gmail.com "HTTP/1.1 200 OK"
2026-09-26 04:12:35,599 INFO [req=0b873b3e] HTTP Request: POST https://notebook.google.com/_/LabsTailwindUi/data/batchexecute?rpcids=rLM1Ne&source-path=%2Fnotebook%2F9853e2ff-8587-4be7-9a6f-b1d0c318f3ae&f.sid=***&hl=en&rt=c&authuser=akashsp9893%40gmail.com "HTTP/1.1 200 OK"
2026-09-26 04:12:36,037 INFO [req=370c60d4] HTTP Request: POST https://notebook.google.com/_/LabsTailwindUi/data/batchexecute?rpcids=rLM1Ne&source-path=%2Fnotebook%2Fd18d5260-74d9-4344-b1a7-c0ec15963912&f.sid=***&hl=en&rt=c&authuser=akashsp9893%40gmail.com "HTTP/1.1 200 OK"
2026-09-26 04:12:39,008 INFO [req=5294e36c] HTTP Request: POST https://notebook.google.com/_/LabsTailwindUi/data/batchexecute?rpcids=rLM1Ne&source-path=%2Fnotebook%2Fde5274e0-9b3d-41bc-b1a4-26fe6e650b03&f.sid=***&hl=en&rt=c&authuser=akashsp9893%40gmail.com "HTTP/1.1 200 OK"
2026-09-26 04:12:41,567 INFO [req=52d7bea2] HTTP Request: POST https://notebook.google.com/_/LabsTailwindUi/data/batchexecute?rpcids=rLM1Ne&source-path=%2Fnotebook%2F9853e2ff-8587-4be7-9a6f-b1d0c318f3ae&f.sid=***&hl=en&rt=c&authuser=akashsp9893%40gmail.com "HTTP/1.1 200 OK"
2026-09-26 04:12:42,283 INFO [req=66bcea4b] HTTP Request: POST https://notebook.google.com/_/LabsTailwindUi/data/batchexecute?rpcids=rLM1Ne&source-path=%2Fnotebook%2Fd18d5260-74d9-4344-b1a7-c0ec15963912&f.sid=***&hl=en&rt=c&authuser=akashsp9893%40gmail.com "HTTP/1.1 200 OK"
2026-09-26 04:12:45,459 INFO [req=99d45acb] HTTP Request: POST https://notebook.google.com/_/LabsTailwindUi/data/batchexecute?rpcids=rLM1Ne&source-path=%2Fnotebook%2Fde5274e0-9b3d-41bc-b1a4-26fe6e650b03&f.sid=***&hl=en&rt=c&authuser=akashsp9893%40gmail.com "HTTP/1.1 200 OK"
2026-09-26 04:12:46,555 INFO [req=81430914] HTTP Request: POST https://notebook.google.com/_/LabsTailwindUi/data/batchexecute?rpcids=rLM1Ne&source-path=%2Fnotebook%2Fde5274e0-9b3d-41bc-b1a4-26fe6e650b03&f.sid=***&hl=en&rt=c&authuser=akashsp9893%40gmail.com "HTTP/1.1 200 OK"
2026-09-26 04:12:46,557 INFO [Class 11|Biology|Chapter 1] source ready f438ba2a-cdb3-4365-9f90-1086f4433f1a
2026-09-26 04:12:47,299 INFO [req=8c4bdc48] HTTP Request: POST https://notebook.google.com/_/LabsTailwindUi/data/batchexecute?rpcids=gArtLc&source-path=%2Fnotebook%2Fde5274e0-9b3d-41bc-b1a4-26fe6e650b03&f.sid=***&hl=en&rt=c&authuser=akashsp9893%40gmail.com "HTTP/1.1 200 OK"
2026-09-26 04:12:47,301 INFO [Class 11|Biology|Chapter 1] generating quiz
2026-09-26 04:12:50,314 INFO [req=603ac5f7] HTTP Request: POST https://notebook.google.com/_/LabsTailwindUi/data/batchexecute?rpcids=rLM1Ne&source-path=%2Fnotebook%2F9853e2ff-8587-4be7-9a6f-b1d0c318f3ae&f.sid=***&hl=en&rt=c&authuser=akashsp9893%40gmail.com "HTTP/1.1 200 OK"
2026-09-26 04:12:50,955 INFO [req=9837a813] HTTP Request: POST https://notebook.google.com/_/LabsTailwindUi/data/batchexecute?rpcids=rLM1Ne&source-path=%2Fnotebook%2Fd18d5260-74d9-4344-b1a7-c0ec15963912&f.sid=***&hl=en&rt=c&authuser=akashsp9893%40gmail.com "HTTP/1.1 200 OK"
2026-09-26 04:12:51,994 INFO [req=83c8ff5a] HTTP Request: POST https://notebook.google.com/_/LabsTailwindUi/data/batchexecute?rpcids=R7cb6c&source-path=%2Fnotebook%2Fde5274e0-9b3d-41bc-b1a4-26fe6e650b03&f.sid=***&hl=en&rt=c&authuser=akashsp9893%40gmail.com "HTTP/1.1 200 OK"
2026-09-26 04:12:52,975 INFO [req=f8ed254a] HTTP Request: POST https://notebook.google.com/_/LabsTailwindUi/data/batchexecute?rpcids=gArtLc&source-path=%2Fnotebook%2Fde5274e0-9b3d-41bc-b1a4-26fe6e650b03&f.sid=***&hl=en&rt=c&authuser=akashsp9893%40gmail.com "HTTP/1.1 200 OK"
2026-09-26 04:12:56,005 INFO [req=1def4986] HTTP Request: POST https://notebook.google.com/_/LabsTailwindUi/data/batchexecute?rpcids=gArtLc&source-path=%2Fnotebook%2Fde5274e0-9b3d-41bc-b1a4-26fe6e650b03&f.sid=***&hl=en&rt=c&authuser=akashsp9893%40gmail.com "HTTP/1.1 200 OK"
2026-09-26 04:13:00,888 INFO [req=0e20721b] HTTP Request: POST https://notebook.google.com/_/LabsTailwindUi/data/batchexecute?rpcids=gArtLc&source-path=%2Fnotebook%2Fde5274e0-9b3d-41bc-b1a4-26fe6e650b03&f.sid=***&hl=en&rt=c&authuser=akashsp9893%40gmail.com "HTTP/1.1 200 OK"
2026-09-26 04:13:01,480 INFO [req=b7886d1c] HTTP Request: POST https://notebook.google.com/_/LabsTailwindUi/data/batchexecute?rpcids=rLM1Ne&source-path=%2Fnotebook%2F9853e2ff-8587-4be7-9a6f-b1d0c318f3ae&f.sid=***&hl=en&rt=c&authuser=akashsp9893%40gmail.com "HTTP/1.1 200 OK"
2026-09-26 04:13:02,151 INFO [req=31187539] HTTP Request: POST https://notebook.google.com/_/LabsTailwindUi/data/batchexecute?rpcids=rLM1Ne&source-path=%2Fnotebook%2Fd18d5260-74d9-4344-b1a7-c0ec15963912&f.sid=***&hl=en&rt=c&authuser=akashsp9893%40gmail.com "HTTP/1.1 200 OK"
2026-09-26 04:13:02,765 INFO [req=c17a8898] HTTP Request: POST https://notebook.google.com/_/LabsTailwindUi/data/batchexecute?rpcids=rLM1Ne&source-path=%2Fnotebook%2F9853e2ff-8587-4be7-9a6f-b1d0c318f3ae&f.sid=***&hl=en&rt=c&authuser=akashsp9893%40gmail.com "HTTP/1.1 200 OK"
2026-09-26 04:13:02,766 INFO [Class 11|Chemistry|Chapter 2] source ready 49f85add-d722-4748-9860-1d5b968fd94c
2026-09-26 04:13:03,582 INFO [req=a7f011b9] HTTP Request: POST https://notebook.google.com/_/LabsTailwindUi/data/batchexecute?rpcids=gArtLc&source-path=%2Fnotebook%2F9853e2ff-8587-4be7-9a6f-b1d0c318f3ae&f.sid=***&hl=en&rt=c&authuser=akashsp9893%40gmail.com "HTTP/1.1 200 OK"
2026-09-26 04:13:03,583 INFO [Class 11|Chemistry|Chapter 2] generating quiz
2026-09-26 04:13:07,926 INFO [req=786e7117] HTTP Request: POST https://notebook.google.com/_/LabsTailwindUi/data/batchexecute?rpcids=R7cb6c&source-path=%2Fnotebook%2F9853e2ff-8587-4be7-9a6f-b1d0c318f3ae&f.sid=***&hl=en&rt=c&authuser=akashsp9893%40gmail.com "HTTP/1.1 200 OK"
2026-09-26 04:13:08,763 INFO [req=a0e05d06] HTTP Request: POST https://notebook.google.com/_/LabsTailwindUi/data/batchexecute?rpcids=gArtLc&source-path=%2Fnotebook%2F9853e2ff-8587-4be7-9a6f-b1d0c318f3ae&f.sid=***&hl=en&rt=c&authuser=akashsp9893%40gmail.com "HTTP/1.1 200 OK"
2026-09-26 04:13:09,863 INFO [req=04288440] HTTP Request: POST https://notebook.google.com/_/LabsTailwindUi/data/batchexecute?rpcids=gArtLc&source-path=%2Fnotebook%2Fde5274e0-9b3d-41bc-b1a4-26fe6e650b03&f.sid=***&hl=en&rt=c&authuser=akashsp9893%40gmail.com "HTTP/1.1 200 OK"
2026-09-26 04:13:11,449 INFO [req=c430a716] HTTP Request: POST https://notebook.google.com/_/LabsTailwindUi/data/batchexecute?rpcids=gArtLc&source-path=%2Fnotebook%2F9853e2ff-8587-4be7-9a6f-b1d0c318f3ae&f.sid=***&hl=en&rt=c&authuser=akashsp9893%40gmail.com "HTTP/1.1 200 OK"
2026-09-26 04:13:13,352 INFO [req=24f60691] HTTP Request: POST https://notebook.google.com/_/LabsTailwindUi/data/batchexecute?rpcids=rLM1Ne&source-path=%2Fnotebook%2Fd18d5260-74d9-4344-b1a7-c0ec15963912&f.sid=***&hl=en&rt=c&authuser=akashsp9893%40gmail.com "HTTP/1.1 200 OK"
2026-09-26 04:13:14,764 INFO [req=09a90778] HTTP Request: POST https://notebook.google.com/_/LabsTailwindUi/data/batchexecute?rpcids=rLM1Ne&source-path=%2Fnotebook%2Fd18d5260-74d9-4344-b1a7-c0ec15963912&f.sid=***&hl=en&rt=c&authuser=akashsp9893%40gmail.com "HTTP/1.1 200 OK"
2026-09-26 04:13:14,767 INFO [Class 11|Chemistry|Chapter 1] source ready 6dcc9077-98d7-4b0a-921c-399422dfc6af
2026-09-26 04:13:15,728 INFO [req=88e89895] HTTP Request: POST https://notebook.google.com/_/LabsTailwindUi/data/batchexecute?rpcids=gArtLc&source-path=%2Fnotebook%2Fd18d5260-74d9-4344-b1a7-c0ec15963912&f.sid=***&hl=en&rt=c&authuser=akashsp9893%40gmail.com "HTTP/1.1 200 OK"
2026-09-26 04:13:15,730 INFO [Class 11|Chemistry|Chapter 1] generating quiz
2026-09-26 04:13:16,363 INFO [req=310f06d0] HTTP Request: POST https://notebook.google.com/_/LabsTailwindUi/data/batchexecute?rpcids=gArtLc&source-path=%2Fnotebook%2F9853e2ff-8587-4be7-9a6f-b1d0c318f3ae&f.sid=***&hl=en&rt=c&authuser=akashsp9893%40gmail.com "HTTP/1.1 200 OK"
2026-09-26 04:13:20,720 INFO [req=7cab7d99] HTTP Request: POST https://notebook.google.com/_/LabsTailwindUi/data/batchexecute?rpcids=gArtLc&source-path=%2Fnotebook%2Fde5274e0-9b3d-41bc-b1a4-26fe6e650b03&f.sid=***&hl=en&rt=c&authuser=akashsp9893%40gmail.com "HTTP/1.1 200 OK"
2026-09-26 04:13:21,402 INFO [req=54e56df8] HTTP Request: POST https://notebook.google.com/_/LabsTailwindUi/data/batchexecute?rpcids=R7cb6c&source-path=%2Fnotebook%2Fd18d5260-74d9-4344-b1a7-c0ec15963912&f.sid=***&hl=en&rt=c&authuser=akashsp9893%40gmail.com "HTTP/1.1 200 OK"
2026-09-26 04:13:22,497 INFO [req=c9b9a550] HTTP Request: POST https://notebook.google.com/_/LabsTailwindUi/data/batchexecute?rpcids=gArtLc&source-path=%2Fnotebook%2Fd18d5260-74d9-4344-b1a7-c0ec15963912&f.sid=***&hl=en&rt=c&authuser=akashsp9893%40gmail.com "HTTP/1.1 200 OK"
2026-09-26 04:13:25,305 INFO [req=00982c5c] HTTP Request: POST https://notebook.google.com/_/LabsTailwindUi/data/batchexecute?rpcids=gArtLc&source-path=%2Fnotebook%2F9853e2ff-8587-4be7-9a6f-b1d0c318f3ae&f.sid=***&hl=en&rt=c&authuser=akashsp9893%40gmail.com "HTTP/1.1 200 OK"
2026-09-26 04:13:25,469 INFO [req=4e55ebc8] HTTP Request: POST https://notebook.google.com/_/LabsTailwindUi/data/batchexecute?rpcids=gArtLc&source-path=%2Fnotebook%2Fd18d5260-74d9-4344-b1a7-c0ec15963912&f.sid=***&hl=en&rt=c&authuser=akashsp9893%40gmail.com "HTTP/1.1 200 OK"
2026-09-26 04:15:32,503 INFO HTTP Request: GET https://docs.google.com/spreadsheets/d/1pvR_vpZjeEK9d3UxuFaFGX0GS_S8ObUu_dS6jWmlKeE/export?format=csv "HTTP/1.1 307 Temporary Redirect"
2026-09-26 04:15:32,988 INFO HTTP Request: GET https://doc-0k-10-sheets.googleusercontent.com/export/f3kk9gtum31ktuqh54kn7i1e14/als66vssreheqhklqbr7sc0ht0/1790376330000/101060485093004415359/*/1pvR_vpZjeEK9d3UxuFaFGX0GS_S8ObUu_dS6jWmlKeE?format=csv "HTTP/1.1 200 OK"
2026-09-26 04:15:32,990 INFO generating 5 chapter(s), 3 concurrent, artifacts=quiz,flashcards,mind_map,slide_deck,audio,cinematic_video,infographic
2026-09-26 04:15:33,389 INFO HTTP Request: POST https://accounts.google.com/RotateCookies "HTTP/1.1 200 OK"
2026-09-26 04:15:34,046 INFO HTTP Request: GET https://notebook.google.com/?authuser=akashsp9893%40gmail.com "HTTP/1.1 200 OK"
2026-09-26 04:15:35,210 INFO [req=a3f3329a] HTTP Request: POST https://notebook.google.com/_/LabsTailwindUi/data/batchexecute?rpcids=wXbhsf&source-path=%2F&f.sid=***&hl=en&rt=c&authuser=akashsp9893%40gmail.com "HTTP/1.1 200 OK"
2026-09-26 04:15:35,213 INFO [Class 11|Chemistry|Chapter 1] downloading PDF
2026-09-26 04:15:35,216 INFO [Class 11|Chemistry|Chapter 2] downloading PDF
2026-09-26 04:15:35,218 INFO [Class 11|Biology|Chapter 1] downloading PDF
2026-09-26 04:15:36,470 INFO [req=ce068e45] HTTP Request: POST https://notebook.google.com/_/LabsTailwindUi/data/batchexecute?rpcids=rLM1Ne&source-path=%2Fnotebook%2Fd18d5260-74d9-4344-b1a7-c0ec15963912&f.sid=***&hl=en&rt=c&authuser=akashsp9893%40gmail.com "HTTP/1.1 200 OK"
2026-09-26 04:15:36,472 INFO [Class 11|Chemistry|Chapter 1] source ready 6dcc9077-98d7-4b0a-921c-399422dfc6af
2026-09-26 04:15:36,489 INFO [req=fce6f7d2] HTTP Request: POST https://notebook.google.com/_/LabsTailwindUi/data/batchexecute?rpcids=rLM1Ne&source-path=%2Fnotebook%2Fde5274e0-9b3d-41bc-b1a4-26fe6e650b03&f.sid=***&hl=en&rt=c&authuser=akashsp9893%40gmail.com "HTTP/1.1 200 OK"
2026-09-26 04:15:36,491 INFO [Class 11|Biology|Chapter 1] source ready f438ba2a-cdb3-4365-9f90-1086f4433f1a
2026-09-26 04:15:36,618 INFO [req=3307f6de] HTTP Request: POST https://notebook.google.com/_/LabsTailwindUi/data/batchexecute?rpcids=rLM1Ne&source-path=%2Fnotebook%2F9853e2ff-8587-4be7-9a6f-b1d0c318f3ae&f.sid=***&hl=en&rt=c&authuser=akashsp9893%40gmail.com "HTTP/1.1 200 OK"
2026-09-26 04:15:36,620 INFO [Class 11|Chemistry|Chapter 2] source ready 49f85add-d722-4748-9860-1d5b968fd94c
2026-09-26 04:15:37,395 INFO [req=c909db74] HTTP Request: POST https://notebook.google.com/_/LabsTailwindUi/data/batchexecute?rpcids=gArtLc&source-path=%2Fnotebook%2Fde5274e0-9b3d-41bc-b1a4-26fe6e650b03&f.sid=***&hl=en&rt=c&authuser=akashsp9893%40gmail.com "HTTP/1.1 200 OK"
2026-09-26 04:15:37,396 INFO [Class 11|Biology|Chapter 1] quiz already present — adopted b7e1ed51-6b6b-4692-bb44-81824ad817f7
2026-09-26 04:15:37,427 INFO [req=71d6d106] HTTP Request: POST https://notebook.google.com/_/LabsTailwindUi/data/batchexecute?rpcids=gArtLc&source-path=%2Fnotebook%2Fd18d5260-74d9-4344-b1a7-c0ec15963912&f.sid=***&hl=en&rt=c&authuser=akashsp9893%40gmail.com "HTTP/1.1 200 OK"
2026-09-26 04:15:37,429 INFO [Class 11|Chemistry|Chapter 1] quiz already present — adopted f55563fe-c9b2-4605-b24f-ccd952060715
2026-09-26 04:15:37,566 INFO [req=5ec123df] HTTP Request: POST https://notebook.google.com/_/LabsTailwindUi/data/batchexecute?rpcids=gArtLc&source-path=%2Fnotebook%2F9853e2ff-8587-4be7-9a6f-b1d0c318f3ae&f.sid=***&hl=en&rt=c&authuser=akashsp9893%40gmail.com "HTTP/1.1 200 OK"
2026-09-26 04:15:37,568 INFO [Class 11|Chemistry|Chapter 2] quiz already present — adopted cf13788b-5008-421f-99eb-6f6e145e57dc
2026-09-26 04:15:38,412 INFO [req=0bed5911] HTTP Request: POST https://notebook.google.com/_/LabsTailwindUi/data/batchexecute?rpcids=gArtLc&source-path=%2Fnotebook%2Fde5274e0-9b3d-41bc-b1a4-26fe6e650b03&f.sid=***&hl=en&rt=c&authuser=akashsp9893%40gmail.com "HTTP/1.1 200 OK"
2026-09-26 04:15:38,414 INFO [req=59331f55] HTTP Request: POST https://notebook.google.com/_/LabsTailwindUi/data/batchexecute?rpcids=gArtLc&source-path=%2Fnotebook%2Fd18d5260-74d9-4344-b1a7-c0ec15963912&f.sid=***&hl=en&rt=c&authuser=akashsp9893%40gmail.com "HTTP/1.1 200 OK"
2026-09-26 04:15:38,416 INFO [Class 11|Biology|Chapter 1] generating flashcards
2026-09-26 04:15:38,418 INFO [Class 11|Chemistry|Chapter 1] generating flashcards
2026-09-26 04:15:38,597 INFO [req=a1318b7f] HTTP Request: POST https://notebook.google.com/_/LabsTailwindUi/data/batchexecute?rpcids=gArtLc&source-path=%2Fnotebook%2F9853e2ff-8587-4be7-9a6f-b1d0c318f3ae&f.sid=***&hl=en&rt=c&authuser=akashsp9893%40gmail.com "HTTP/1.1 200 OK"
2026-09-26 04:15:38,599 INFO [Class 11|Chemistry|Chapter 2] generating flashcards
2026-09-26 04:15:43,092 INFO [req=94d32c93] HTTP Request: POST https://notebook.google.com/_/LabsTailwindUi/data/batchexecute?rpcids=R7cb6c&source-path=%2Fnotebook%2Fde5274e0-9b3d-41bc-b1a4-26fe6e650b03&f.sid=***&hl=en&rt=c&authuser=akashsp9893%40gmail.com "HTTP/1.1 200 OK"
2026-09-26 04:15:43,093 INFO [req=4129806f] HTTP Request: POST https://notebook.google.com/_/LabsTailwindUi/data/batchexecute?rpcids=R7cb6c&source-path=%2Fnotebook%2Fd18d5260-74d9-4344-b1a7-c0ec15963912&f.sid=***&hl=en&rt=c&authuser=akashsp9893%40gmail.com "HTTP/1.1 200 OK"
2026-09-26 04:15:43,281 INFO [req=690775e0] HTTP Request: POST https://notebook.google.com/_/LabsTailwindUi/data/batchexecute?rpcids=R7cb6c&source-path=%2Fnotebook%2F9853e2ff-8587-4be7-9a6f-b1d0c318f3ae&f.sid=***&hl=en&rt=c&authuser=akashsp9893%40gmail.com "HTTP/1.1 200 OK"
2026-09-26 04:15:44,047 INFO [req=a12a1355] HTTP Request: POST https://notebook.google.com/_/LabsTailwindUi/data/batchexecute?rpcids=gArtLc&source-path=%2Fnotebook%2Fde5274e0-9b3d-41bc-b1a4-26fe6e650b03&f.sid=***&hl=en&rt=c&authuser=akashsp9893%40gmail.com "HTTP/1.1 200 OK"
2026-09-26 04:15:44,083 INFO [req=fd46db05] HTTP Request: POST https://notebook.google.com/_/LabsTailwindUi/data/batchexecute?rpcids=gArtLc&source-path=%2Fnotebook%2Fd18d5260-74d9-4344-b1a7-c0ec15963912&f.sid=***&hl=en&rt=c&authuser=akashsp9893%40gmail.com "HTTP/1.1 200 OK"
2026-09-26 04:15:44,192 INFO [req=8b356355] HTTP Request: POST https://notebook.google.com/_/LabsTailwindUi/data/batchexecute?rpcids=gArtLc&source-path=%2Fnotebook%2F9853e2ff-8587-4be7-9a6f-b1d0c318f3ae&f.sid=***&hl=en&rt=c&authuser=akashsp9893%40gmail.com "HTTP/1.1 200 OK"
2026-09-26 04:15:47,015 INFO [req=36f1b150] HTTP Request: POST https://notebook.google.com/_/LabsTailwindUi/data/batchexecute?rpcids=gArtLc&source-path=%2Fnotebook%2Fde5274e0-9b3d-41bc-b1a4-26fe6e650b03&f.sid=***&hl=en&rt=c&authuser=akashsp9893%40gmail.com "HTTP/1.1 200 OK"
2026-09-26 04:15:47,085 INFO [req=6d564769] HTTP Request: POST https://notebook.google.com/_/LabsTailwindUi/data/batchexecute?rpcids=gArtLc&source-path=%2Fnotebook%2Fd18d5260-74d9-4344-b1a7-c0ec15963912&f.sid=***&hl=en&rt=c&authuser=akashsp9893%40gmail.com "HTTP/1.1 200 OK"
2026-09-26 04:15:47,124 INFO [req=7ed04f3f] HTTP Request: POST https://notebook.google.com/_/LabsTailwindUi/data/batchexecute?rpcids=gArtLc&source-path=%2Fnotebook%2F9853e2ff-8587-4be7-9a6f-b1d0c318f3ae&f.sid=***&hl=en&rt=c&authuser=akashsp9893%40gmail.com "HTTP/1.1 200 OK"
2026-09-26 04:15:52,040 INFO [req=24dea7ca] HTTP Request: POST https://notebook.google.com/_/LabsTailwindUi/data/batchexecute?rpcids=gArtLc&source-path=%2Fnotebook%2Fde5274e0-9b3d-41bc-b1a4-26fe6e650b03&f.sid=***&hl=en&rt=c&authuser=akashsp9893%40gmail.com "HTTP/1.1 200 OK"
2026-09-26 04:15:52,043 INFO [req=bba5506d] HTTP Request: POST https://notebook.google.com/_/LabsTailwindUi/data/batchexecute?rpcids=gArtLc&source-path=%2Fnotebook%2F9853e2ff-8587-4be7-9a6f-b1d0c318f3ae&f.sid=***&hl=en&rt=c&authuser=akashsp9893%40gmail.com "HTTP/1.1 200 OK"
2026-09-26 04:15:52,121 INFO [req=791be824] HTTP Request: POST https://notebook.google.com/_/LabsTailwindUi/data/batchexecute?rpcids=gArtLc&source-path=%2Fnotebook%2Fd18d5260-74d9-4344-b1a7-c0ec15963912&f.sid=***&hl=en&rt=c&authuser=akashsp9893%40gmail.com "HTTP/1.1 200 OK"
2026-09-26 04:16:00,925 INFO [req=2ff066bb] HTTP Request: POST https://notebook.google.com/_/LabsTailwindUi/data/batchexecute?rpcids=gArtLc&source-path=%2Fnotebook%2F9853e2ff-8587-4be7-9a6f-b1d0c318f3ae&f.sid=***&hl=en&rt=c&authuser=akashsp9893%40gmail.com "HTTP/1.1 200 OK"
2026-09-26 04:16:01,054 INFO [req=adee38c0] HTTP Request: POST https://notebook.google.com/_/LabsTailwindUi/data/batchexecute?rpcids=gArtLc&source-path=%2Fnotebook%2Fd18d5260-74d9-4344-b1a7-c0ec15963912&f.sid=***&hl=en&rt=c&authuser=akashsp9893%40gmail.com "HTTP/1.1 200 OK"
2026-09-26 04:16:01,142 INFO [req=f909931f] HTTP Request: POST https://notebook.google.com/_/LabsTailwindUi/data/batchexecute?rpcids=gArtLc&source-path=%2Fnotebook%2Fde5274e0-9b3d-41bc-b1a4-26fe6e650b03&f.sid=***&hl=en&rt=c&authuser=akashsp9893%40gmail.com "HTTP/1.1 200 OK"
2026-09-26 04:16:11,873 INFO [req=0dd94024] HTTP Request: POST https://notebook.google.com/_/LabsTailwindUi/data/batchexecute?rpcids=gArtLc&source-path=%2Fnotebook%2F9853e2ff-8587-4be7-9a6f-b1d0c318f3ae&f.sid=***&hl=en&rt=c&authuser=akashsp9893%40gmail.com "HTTP/1.1 200 OK"
2026-09-26 04:16:11,972 INFO [req=1e2af3b9] HTTP Request: POST https://notebook.google.com/_/LabsTailwindUi/data/batchexecute?rpcids=gArtLc&source-path=%2Fnotebook%2Fde5274e0-9b3d-41bc-b1a4-26fe6e650b03&f.sid=***&hl=en&rt=c&authuser=akashsp9893%40gmail.com "HTTP/1.1 200 OK"
2026-09-26 04:16:11,974 INFO [req=43cbf00e] HTTP Request: POST https://notebook.google.com/_/LabsTailwindUi/data/batchexecute?rpcids=gArtLc&source-path=%2Fnotebook%2Fd18d5260-74d9-4344-b1a7-c0ec15963912&f.sid=***&hl=en&rt=c&authuser=akashsp9893%40gmail.com "HTTP/1.1 200 OK"
